exports[`Space investors > should match the screenshot #0`] = `
<canvas width="800" height="600"></canvas>
`;
